../Core/Src/main.c:130:6:reverse	32	static
../Core/Src/main.c:143:5:intToStr	32	static
../Core/Src/main.c:163:6:ftoa	48	static
../Core/Src/main.c:176:6:LOG	120	static
../Core/Src/main.c:198:5:main	32	static
../Core/Src/main.c:303:6:SystemClock_Config	96	static
../Core/Src/main.c:346:6:lcd_task	24	static
../Core/Src/main.c:405:6:sensor_task	8	static
../Core/Src/main.c:436:6:general_task	16	static
../Core/Src/main.c:543:6:HAL_GPIO_EXTI_Callback	16	static
../Core/Src/main.c:563:6:HAL_UART_RxCpltCallback	16	static
../Core/Src/main.c:598:6:HAL_TIM_PeriodElapsedCallback	16	static
../Core/Src/main.c:615:6:Error_Handler	4	static,ignoring_inline_asm
